../Core/Src/main.c:192:13:SleepTracker_HandleAlarmToggle	16	static
../Core/Src/main.c:208:20:SleepTracker_LedModeName	16	static
../Core/Src/main.c:221:13:SleepTracker_DrawPageSensors1	56	static
../Core/Src/main.c:238:13:SleepTracker_DrawPageSensors2	40	static
../Core/Src/main.c:255:13:SleepTracker_DrawPageLed	32	static
../Core/Src/main.c:266:13:SleepTracker_DrawPageAlarm	40	static
../Core/Src/main.c:286:13:SleepTracker_DrawPageTip	8	static
../Core/Src/main.c:294:13:SleepClock_Tick	16	static
../Core/Src/main.c:321:13:SleepClock_Format	24	static
../Core/Src/main.c:326:13:SleepEnvironment_Comfort	16	static
../Core/Src/main.c:331:16:SleepComfort_Score	32	static
../Core/Src/main.c:358:20:SleepComfort_Tip	24	static
../Core/Src/main.c:384:13:SleepTracker_HandleKeys	16	static
../Core/Src/main.c:459:13:SleepTracker_UpdateSensors	24	static
../Core/Src/main.c:470:17:SleepTracker_GetTim2ClockHz	16	static
../Core/Src/main.c:479:13:SleepTracker_BuzzerStartTone	24	static
../Core/Src/main.c:495:13:SleepTracker_BuzzerStopTone	8	static
../Core/Src/main.c:500:13:SleepTracker_MelodyStart	8	static
../Core/Src/main.c:509:13:SleepTracker_MelodyStop	8	static
../Core/Src/main.c:526:13:SleepTracker_PollExternalButton	16	static
../Core/Src/main.c:548:13:SleepTracker_MelodyTask	16	static
../Core/Src/main.c:575:17:SleepTracker_BatteryMv	24	static
../Core/Src/main.c:584:13:SleepTracker_ShowBootScreen	56	static
../Core/Src/main.c:619:13:SleepTracker_UpdateAlarm	16	static
../Core/Src/main.c:656:13:SleepTracker_SetRgb	16	static
../Core/Src/main.c:663:13:SleepTracker_UpdateLed	24	static
../Core/Src/main.c:711:13:SleepTracker_UpdateOled	24	static
../Core/Src/main.c:759:5:main	40	static
../Core/Src/main.c:833:6:SystemClock_Config	192	static
../Core/Src/main.c:900:6:Error_Handler	4	static
