../Core/Src/sht3x_i2c.c:8:6:I2C_SDA_IN	32	static
../Core/Src/sht3x_i2c.c:20:6:I2C_SDA_OUT	32	static
../Core/Src/sht3x_i2c.c:32:5:I2C_SDA_READ	8	static
../Core/Src/sht3x_i2c.c:37:6:I2C_SCL_OUT	32	static
../Core/Src/sht3x_i2c.c:49:5:I2C_SCL_READ	8	static
../Core/Src/sht3x_i2c.c:55:6:I2c_Init	4	static
../Core/Src/sht3x_i2c.c:61:6:I2c_StartCondition	8	static
../Core/Src/sht3x_i2c.c:77:6:I2c_StopCondition	8	static
../Core/Src/sht3x_i2c.c:90:9:I2c_WriteByte	24	static
../Core/Src/sht3x_i2c.c:125:6:IIC_Ack	8	static
../Core/Src/sht3x_i2c.c:136:6:IIC_NAck	8	static
../Core/Src/sht3x_i2c.c:147:9:I2c_ReadByte	24	static
../Core/Src/sht3x_i2c.c:187:9:I2c_WaitWhileClockStreching	24	static
../Core/Src/sht3x_i2c.c:200:9:I2c_GeneralCallReset	16	static
../Core/Src/sht3x_i2c.c:213:6:Delay_us	16	static
