../Core/Src/sht3x.c:32:6:SHT3X_SetI2cAdr	16	static
../Core/Src/sht3x.c:38:9:SHT3X_GetTempAndHumi	32	static
../Core/Src/sht3x.c:57:9:SHT3X_GetTempAndHumiClkStretch	32	static
../Core/Src/sht3x.c:100:9:SHT3X_GetTempAndHumiPolling	32	static
../Core/Src/sht3x.c:162:9:SHT3X_StartPeriodicMeasurment	24	static
../Core/Src/sht3x.c:252:9:SHT3X_ReadMeasurementBuffer	24	static
../Core/Src/sht3x.c:281:16:SHT3X_StartWriteAccess	16	static
../Core/Src/sht3x.c:291:16:SHT3X_StartReadAccess	16	static
../Core/Src/sht3x.c:301:13:SHT3X_StopAccess	8	static
../Core/Src/sht3x.c:307:16:SHT3X_WriteCommand	24	static
../Core/Src/sht3x.c:318:16:SHT3X_Read2BytesAndCrc	24	static
../Core/Src/sht3x.c:355:12:SHT3X_CalcCrc	24	static
../Core/Src/sht3x.c:375:16:SHT3X_CheckCrc	24	static
../Core/Src/sht3x.c:386:11:SHT3X_CalcTemperature	16	static
../Core/Src/sht3x.c:393:11:SHT3X_CalcHumidity	16	static
../Core/Src/sht3x.c:416:9:SHT3X_ReadStatus	24	static
../Core/Src/sht3x.c:434:9:SHT3X_SoftReset	16	static
../Core/Src/sht3x.c:447:6:SHT3X_HardReset	8	static
