../Core/Src/usart.c:32:6:MX_USART1_UART_Init	8	static
../Core/Src/usart.c:63:6:MX_USART3_UART_Init	8	static
../Core/Src/usart.c:93:6:HAL_UART_MspInit	56	static
../Core/Src/usart.c:153:6:HAL_UART_MspDeInit	16	static
../Core/Src/usart.c:203:1:__io_putchar	16	static
../Core/Src/usart.c:218:6:HAL_UART_RxCpltCallback	16	static
../Core/Src/usart.c:229:6:UART_Enable_Receive_IT	8	static
../Core/Src/usart.c:234:6:KE1_Put_Console_Ch	16	static
../Core/Src/usart.c:239:5:KE1_Get_NB_Ch	16	static
../Core/Src/usart.c:248:6:KE1_Clear_AT_Buf	16	static
../Core/Src/usart.c:265:5:KE1_Send_AT	24	static
../Core/Src/usart.c:294:5:KE1_Recv_AT	80	static
